---
source: tests/snapshots/error_messages.rs
expression: "normalize_output(&format!(\"{}{}\", output.stdout, output.stderr))"
---
Updated ID-REDACTED: Will close
  status: closed → in_progress
YYYY-MM-DDTHH:MM:SS DEBUG beads_rust::sync::path: Validating sync path path=/TMP/.beads/issues.jsonl beads_dir=/TMP/.beads
YYYY-MM-DDTHH:MM:SS DEBUG beads_rust::sync::path: Path validated for sync I/O path=/TMP/.beads/issues.jsonl
YYYY-MM-DDTHH:MM:SS DEBUG beads_rust::sync::path: Validating sync path path=/TMP/.beads/issues.jsonl beads_dir=/TMP/.beads
YYYY-MM-DDTHH:MM:SS DEBUG beads_rust::sync::path: Path validated for sync I/O path=/TMP/.beads/issues.jsonl
YYYY-MM-DDTHH:MM:SS DEBUG beads_rust::sync::path: Validating sync path path=/TMP/.beads/issues.jsonl beads_dir=/TMP/.beads
YYYY-MM-DDTHH:MM:SS DEBUG beads_rust::sync::path: Path validated for sync I/O path=/TMP/.beads/issues.jsonl
YYYY-MM-DDTHH:MM:SS DEBUG beads_rust::sync::path: Validating sync path path=/TMP/.beads/issues.jsonl beads_dir=/TMP/.beads
YYYY-MM-DDTHH:MM:SS DEBUG beads_rust::sync::path: Path validated for sync I/O path=/TMP/.beads/issues.jsonl
YYYY-MM-DDTHH:MM:SS DEBUG beads_rust::storage::sqlite: Blocked cache refresh deferred; will rebuild lazily on next read operation="update_issue"
YYYY-MM-DDTHH:MM:SS DEBUG beads_rust::storage::sqlite: Rebuilt blocked issues cache blocked_count=0
YYYY-MM-DDTHH:MM:SS DEBUG beads_rust::storage::sqlite: Rebuilt stale blocked issues cache on demand refreshed=0
YYYY-MM-DDTHH:MM:SS DEBUG beads_rust::cli::commands: Blocked cache refreshed after successful batched mutation command="update" rebuilt=true
YYYY-MM-DDTHH:MM:SS DEBUG beads_rust::sync::path: Validating sync path path=/TMP/.beads/issues.jsonl beads_dir=/TMP/.beads
YYYY-MM-DDTHH:MM:SS DEBUG beads_rust::sync::path: Path validated for sync I/O path=/TMP/.beads/issues.jsonl
YYYY-MM-DDTHH:MM:SS DEBUG beads_rust::sync: ID-REDACTED: exporting dirty issues dirty_count=1 needs_flush=false
YYYY-MM-DDTHH:MM:SS DEBUG beads_rust::sync::path: Validating sync path path=/TMP/.beads/issues.jsonl beads_dir=/TMP/.beads
YYYY-MM-DDTHH:MM:SS DEBUG beads_rust::sync::path: Path validated for sync I/O path=/TMP/.beads/issues.jsonl
YYYY-MM-DDTHH:MM:SS DEBUG beads_rust::sync::history: Created backup: /TMP/.beads/.br_history/issues.YYYYMMDD_HHMMSS_NANO.jsonl
YYYY-MM-DDTHH:MM:SS DEBUG beads_rust::sync::path: Validating sync path path=/TMP/.beads/issues.jsonl.PID.tmp beads_dir=/TMP/.beads
YYYY-MM-DDTHH:MM:SS DEBUG beads_rust::sync::path: Path validated for sync I/O path=/TMP/.beads/issues.jsonl.PID.tmp
YYYY-MM-DDTHH:MM:SS DEBUG beads_rust::sync: Temp file path validated temp_path=/TMP/.beads/issues.jsonl.PID.tmp target_path=/TMP/.beads/issues.jsonl
YYYY-MM-DDTHH:MM:SS DEBUG beads_rust::sync::path: Validating sync path path=/TMP/.beads/issues.jsonl.PID.tmp beads_dir=/TMP/.beads
YYYY-MM-DDTHH:MM:SS DEBUG beads_rust::sync::path: Path validated for sync I/O path=/TMP/.beads/issues.jsonl.PID.tmp
YYYY-MM-DDTHH:MM:SS DEBUG beads_rust::sync::path: Sync path approved for destructive operation path=/TMP/.beads/issues.jsonl.PID.tmp operation="rename temp file"
YYYY-MM-DDTHH:MM:SS DEBUG beads_rust::sync::path: Validating sync path path=/TMP/.beads/issues.jsonl beads_dir=/TMP/.beads
YYYY-MM-DDTHH:MM:SS DEBUG beads_rust::sync::path: Path validated for sync I/O path=/TMP/.beads/issues.jsonl
YYYY-MM-DDTHH:MM:SS DEBUG beads_rust::sync::path: Sync path approved for destructive operation path=/TMP/.beads/issues.jsonl operation="overwrite JSONL output"
YYYY-MM-DDTHH:MM:SS  INFO beads_rust::sync: ID-REDACTED complete flushed=true exported=1
