---
source: tests/snapshots/schema_output.rs
assertion_line: 202
expression: normalized_toon
---
tool: br
generated_at: "GENERATED_AT"
schemas:
  BlockedIssue:
    "$schema": "https://json-schema.org/draft/2020-12/schema"
    title: BlockedIssue
    description: Blocked issue for blocked view.
    type: object
    properties:
      id:
        description: "Unique ID (e.g., \"bd-abc123\")."
        type: string
      title:
        description: Title (1-500 chars).
        type: string
      description:
        description: Detailed description.
        type[2]: string,"null"
      design:
        description: Technical design notes.
        type[2]: string,"null"
      acceptance_criteria:
        description: Acceptance criteria.
        type[2]: string,"null"
      notes:
        description: Additional notes.
        type[2]: string,"null"
      status:
        description: Workflow status.
        "$ref": #/$defs/Status
        default: open
      priority:
        description: "Priority (0=Critical, 4=Backlog)."
        "$ref": #/$defs/Priority
        default: 2
      issue_type:
        description: "Issue type (bug, feature, etc.)."
        "$ref": #/$defs/IssueType
        default: task
      assignee:
        description: Assigned user.
        type[2]: string,"null"
      owner:
        description: Issue owner.
        type[2]: string,"null"
      estimated_minutes:
        description: Estimated effort in minutes.
        type[2]: integer,"null"
        format: int32
      created_at:
        description: Creation timestamp.
        type: string
        format: date-time
      created_by:
        description: Creator username.
        type[2]: string,"null"
      updated_at:
        description: Last update timestamp.
        type: string
        format: date-time
      closed_at:
        description: Closure timestamp.
        type[2]: string,"null"
        format: date-time
      close_reason:
        description: Reason for closure.
        type[2]: string,"null"
      closed_by_session:
        description: Session ID that closed this issue.
        type[2]: string,"null"
      due_at:
        description: Due date.
        type[2]: string,"null"
        format: date-time
      defer_until:
        description: Defer until date.
        type[2]: string,"null"
        format: date-time
      external_ref:
        description: "External reference (e.g., JIRA-123)."
        type[2]: string,"null"
      source_system:
        description: Source system for imported issues.
        type[2]: string,"null"
      source_repo:
        description: "Source repository for multi-repo support — basename of the\ncanonicalized parent of `.beads/`. Stable across clones of the\nsame repo on different machines (different absolute paths\nproduce the same basename). See [`canonical_source_repo`] in\n`cli::commands::create`."
        type[2]: string,"null"
      source_repo_path:
        description: "Absolute canonical path of the source repository. Distinct from\n`source_repo`: this field uniquely identifies the workspace on\nthe machine that produced the issue, which is what multi-repo\nfleet automation needs to route beads back to the right\ndirectory (see beads_rust#289). Two clones of the same repo\nunder `~/Developer/foo` vs `~/Developer/scratch/foo` collide on\n`source_repo` but disagree here. Optional — older databases and\nhand-edited JSONL records without this field are valid."
        type[2]: string,"null"
      agent_context:
        description: "Canonical-JSON governing instructions inherited by descendant\nbeads (beads_rust#297). When set on an ancestor and the project\nhas `inherited_context.enabled = true` in `.beads/config.yaml`,\n`br update --status in_progress` / `--claim` and `br show` emit\nthe ancestor's `agent_context` alongside the child's normal\noutput so the working agent sees the constraints regardless of\ncontext compaction or cold-start lookups.\n\nStorage: TEXT column holding a JSON document (typically an\nobject with `skills`, `constraints`, `references`, `workflow`,\n`metadata` fields, but the schema is intentionally open).\n`None` means \"no inherited context\"; emission for descendants\nsilently skips ancestors with `None` (no error, no noise).\n\nNot displayed in `br list` / `br search` — this is per-bead\ngovernance metadata, not browsable content."
        type[2]: string,"null"
      deleted_at:
        type[2]: string,"null"
        format: date-time
      deleted_by.type[2]: string,"null"
      delete_reason.type[2]: string,"null"
      original_type.type[2]: string,"null"
      compaction_level:
        type[2]: integer,"null"
        format: int32
        default: 0
      compacted_at:
        type[2]: string,"null"
        format: date-time
      compacted_at_commit.type[2]: string,"null"
      original_size:
        type[2]: integer,"null"
        format: int32
      sender.type[2]: string,"null"
      ephemeral.type: boolean
      pinned.type: boolean
      is_template.type: boolean
      labels:
        type: array
        items.type: string
      dependencies:
        type: array
        items:
          "$ref": #/$defs/Dependency
      comments:
        type: array
        items:
          "$ref": #/$defs/Comment
      blocked_by_count:
        type: integer
        format: uint
        minimum: 0
      blocked_by:
        type: array
        items.type: string
    required[6]: id,title,created_at,updated_at,blocked_by_count,blocked_by
    "$defs":
      Status:
        description: Issue lifecycle status.
        anyOf[2]:
          - type: string
            enum[8]: open,in_progress,blocked,deferred,draft,closed,tombstone,pinned
          - type: string
      Priority:
        description: "Issue priority (0=Critical, 4=Backlog)."
        type: integer
        format: int32
      IssueType:
        description: Issue type category.
        anyOf[2]:
          - type: string
            enum[7]: task,bug,feature,epic,chore,docs,question
          - type: string
      Dependency:
        description: Relationship between two issues.
        type: object
        properties:
          issue_id:
            description: The issue that has the dependency (source).
            type: string
          depends_on_id:
            description: The issue being depended on (target).
            type: string
          type:
            description: Type of dependency.
            "$ref": #/$defs/DependencyType
          created_at:
            description: Creation timestamp.
            type: string
            format: date-time
          created_by:
            description: Creator.
            type[2]: string,"null"
          metadata:
            description: Optional metadata (JSON).
            type[2]: string,"null"
          thread_id:
            description: Thread ID for conversation linking.
            type[2]: string,"null"
        required[4]: issue_id,depends_on_id,type,created_at
      DependencyType:
        description: Dependency relationship type.
        anyOf[2]:
          - type: string
            enum[11]: blocks,parent-child,conditional-blocks,waits-for,related,discovered-from,replies-to,relates-to,duplicates,supersedes,caused-by
          - type: string
      Comment:
        description: A comment on an issue.
        type: object
        properties:
          id:
            type: integer
            format: int64
          issue_id.type: string
          author.type: string
          text.type: string
          created_at:
            type: string
            format: date-time
        required[5]: id,issue_id,author,text,created_at
  CoordinationClaimRow:
    "$schema": "https://json-schema.org/draft/2020-12/schema"
    title: CoordinationClaimRow
    description: One in-progress issue plus its deterministic coordination assessment.
    type: object
    properties:
      issue:
        "$ref": #/$defs/CoordinationIssueRow
      agent.anyOf[2]:
        - "$ref": #/$defs/AgentMailAgentSnapshot
        - type: "null"
      assessment:
        "$ref": #/$defs/ClaimAssessment
      reclaim_allowed_by_policy.type: boolean
      required_human_confirmation.type: boolean
      evidence_summary.type: string
      suggested_commands:
        type: array
        items:
          "$ref": #/$defs/CoordinationSuggestedCommand
    required[6]: issue,assessment,reclaim_allowed_by_policy,required_human_confirmation,evidence_summary,suggested_commands
    "$defs":
      CoordinationIssueRow:
        description: Issue context attached to one coordination claim row.
        type: object
        properties:
          id.type: string
          title.type: string
          status:
            "$ref": #/$defs/Status
          priority:
            "$ref": #/$defs/Priority
          issue_type:
            "$ref": #/$defs/IssueType
          labels:
            type: array
            items.type: string
          dependency_count:
            type: integer
            format: uint
            minimum: 0
          dependent_count:
            type: integer
            format: uint
            minimum: 0
          latest_comments:
            type: array
            items:
              "$ref": #/$defs/CoordinationComment
        required[9]: id,title,status,priority,issue_type,labels,dependency_count,dependent_count,latest_comments
      Status:
        description: Issue lifecycle status.
        anyOf[2]:
          - type: string
            enum[8]: open,in_progress,blocked,deferred,draft,closed,tombstone,pinned
          - type: string
      Priority:
        description: "Issue priority (0=Critical, 4=Backlog)."
        type: integer
        format: int32
      IssueType:
        description: Issue type category.
        anyOf[2]:
          - type: string
            enum[7]: task,bug,feature,epic,chore,docs,question
          - type: string
      CoordinationComment:
        description: Bounded comment excerpt included with a coordination claim row.
        type: object
        properties:
          author.type: string
          text.type: string
          created_at:
            type: string
            format: date-time
        required[3]: author,text,created_at
      AgentMailAgentSnapshot:
        description: Minimal offline agent-liveness snapshot row exported from Agent Mail.
        type: object
        properties:
          name.type: string
          task_description.type: string
          last_active_ts:
            type: string
            format: date-time
          contact_policy.type: string
        required[4]: name,task_description,last_active_ts,contact_policy
      ClaimAssessment:
        description: Deterministic assessment for one in-progress claim.
        type: object
        properties:
          assignee.type[2]: string,"null"
          owner_kind:
            "$ref": #/$defs/ClaimOwnerKind
          updated_at:
            type: string
            format: date-time
          updated_age_minutes:
            type: integer
            format: int64
          stale_threshold_minutes:
            type: integer
            format: int64
          abandoned_threshold_minutes:
            type: integer
            format: int64
          reservation:
            "$ref": #/$defs/ReservationEvidence
          classification:
            "$ref": #/$defs/ClaimClassification
          recommended_action:
            "$ref": #/$defs/RecommendedAction
          evidence_sources:
            type: array
            items:
              "$ref": #/$defs/CoordinationEvidenceSource
        required[9]: owner_kind,updated_at,updated_age_minutes,stale_threshold_minutes,abandoned_threshold_minutes,reservation,classification,recommended_action,evidence_sources
      ClaimOwnerKind:
        description: Who appears to own the current claim.
        oneOf[3]{description,type,const}:
          A named coding-agent swarm participant.,string,swarm_agent
          A human assignee or operator-owned claim.,string,human
          Ownership cannot be confidently classified.,string,unknown
      ReservationEvidence:
        description: Optional Agent Mail reservation evidence supplied by the caller.
        oneOf[5]:
          - description: "No Agent Mail snapshot was supplied, so absence of reservations is not\nevidence of abandonment."
            type: object
            properties.state:
              type: string
              const: no_snapshot
            required[1]: state
          - description: A snapshot was supplied and no matching reservation was found.
            type: object
            properties.state:
              type: string
              const: no_reservation
            required[1]: state
          - description: A matching active reservation exists.
            type: object
            properties:
              state:
                type: string
                const: active
              detail:
                type: object
                properties:
                  holder.type: string
                  expires_at:
                    type[2]: string,"null"
                    format: date-time
                  provenance.anyOf[2]:
                    - "$ref": #/$defs/ReservationEvidenceProvenance
                    - type: "null"
                required[1]: holder
            required[2]: state,detail
          - description: A matching reservation exists but is no longer active.
            type: object
            properties:
              state:
                type: string
                const: expired
              detail:
                type: object
                properties:
                  holder.type: string
                  released_at:
                    type[2]: string,"null"
                    format: date-time
                  provenance.anyOf[2]:
                    - "$ref": #/$defs/ReservationEvidenceProvenance
                    - type: "null"
                required[1]: holder
            required[2]: state,detail
          - description: Snapshot data was supplied but could not be trusted.
            type: object
            properties:
              state:
                type: string
                const: invalid_snapshot
              detail:
                type: object
                properties.reason.type: string
                required[1]: reason
            required[2]: state,detail
      ReservationEvidenceProvenance:
        description: Provenance copied from a matching reservation snapshot.
        type: object
        properties:
          path_pattern.type: string
          exclusive.type: boolean
          reason.type[2]: string,"null"
          expires_ts:
            type: string
            format: date-time
          released_ts:
            type[2]: string,"null"
            format: date-time
          thread_id.type[2]: string,"null"
          matched_on:
            type: array
            items:
              "$ref": #/$defs/ReservationSnapshotMatchReason
        required[4]: path_pattern,exclusive,expires_ts,matched_on
      ReservationSnapshotMatchReason:
        description: Why an Agent Mail reservation snapshot was associated with an issue.
        oneOf[3]{description,type,const}:
          Reservation holder matches the issue assignee.,string,holder_matches_assignee
          Reservation reason or thread id names the issue id.,string,issue_id
          A recent issue comment names the reservation path pattern.,string,comment_path
      ClaimClassification:
        description: Stable claim classifications used by coordination-aware surfaces.
        oneOf[7]{description,type,const}:
          The issue is in progress but has no meaningful assignee.,string,unassigned
          The claim is still within the owner-specific freshness window.,string,fresh
          "A live reservation exists, so the claim must not be treated as abandoned.",string,blocked_by_active_reservation
          "The claim has crossed the stale threshold and no active reservation was\nfound in a supplied snapshot.",string,stale_candidate
          The claim has crossed a more conservative abandoned threshold.,string,abandoned_likely
          "The claim is old enough to inspect, but no Agent Mail snapshot was\nsupplied.",string,no_mail_snapshot
          Evidence conflicts or cannot be trusted.,string,ambiguous
      RecommendedAction:
        description: Suggested next action for an operator or agent.
        oneOf[5]{description,type,const}:
          Do nothing except continue normal observation.,string,observe
          Ask the assignee or human operator before touching the claim.,string,ask_owner
          Inspect Agent Mail reservations or capture a fresh snapshot.,string,inspect_mail
          "The issue is a candidate for the documented audit-comment plus claim\nsequence. This is still advisory, not an automatic mutation.",string,reclaim_candidate
          Leave the claim alone because evidence says work may still be active.,string,leave_active
      CoordinationEvidenceSource:
        description: Evidence categories present in a claim assessment.
        oneOf[4]{description,type,const}:
          "Issue status, assignee, and updated timestamp.",string,issue_metadata
          Owner-specific stale and abandoned thresholds.,string,policy_threshold
          A caller-supplied Agent Mail snapshot.,string,agent_mail_snapshot
          Explicit absence of an Agent Mail snapshot.,string,no_agent_mail_snapshot
      CoordinationSuggestedCommand:
        description: A command suggestion emitted for an operator to review and run manually.
        type: object
        properties:
          purpose:
            "$ref": #/$defs/CoordinationSuggestedCommandPurpose
          command.type: string
        required[2]: purpose,command
      CoordinationSuggestedCommandPurpose:
        description: Role for a suggested coordination command.
        oneOf[2]{description,type,const}:
          Record the reclaim evidence before touching ownership.,string,add_reclaim_audit_comment
          Claim the issue after the audit comment is recorded.,string,claim_issue
  CoordinationStatusOutput:
    "$schema": "https://json-schema.org/draft/2020-12/schema"
    title: CoordinationStatusOutput
    description: Top-level machine-readable coordination status shape.
    type: object
    properties:
      schema_version.type: string
      generated_at:
        type: string
        format: date-time
      summary:
        "$ref": #/$defs/CoordinationSummary
      claims:
        type: array
        items:
          "$ref": #/$defs/CoordinationClaimRow
    required[4]: schema_version,generated_at,summary,claims
    "$defs":
      CoordinationSummary:
        description: Count summary for coordination status output.
        type: object
        properties:
          total_claims:
            type: integer
            format: uint
            minimum: 0
          workspace:
            "$ref": #/$defs/CoordinationWorkspaceCounts
          unassigned:
            type: integer
            format: uint
            minimum: 0
          fresh:
            type: integer
            format: uint
            minimum: 0
          blocked_by_active_reservation:
            type: integer
            format: uint
            minimum: 0
          stale_candidate:
            type: integer
            format: uint
            minimum: 0
          abandoned_likely:
            type: integer
            format: uint
            minimum: 0
          no_mail_snapshot:
            type: integer
            format: uint
            minimum: 0
          ambiguous:
            type: integer
            format: uint
            minimum: 0
        required[9]: total_claims,workspace,unassigned,fresh,blocked_by_active_reservation,stale_candidate,abandoned_likely,no_mail_snapshot,ambiguous
      CoordinationWorkspaceCounts:
        description: Workspace context counts shown next to hidden-claim diagnosis.
        type: object
        properties:
          open:
            type: integer
            format: uint
            minimum: 0
          ready:
            type: integer
            format: uint
            minimum: 0
          blocked:
            type: integer
            format: uint
            minimum: 0
          in_progress:
            type: integer
            format: uint
            minimum: 0
          deferred:
            type: integer
            format: uint
            minimum: 0
          closed:
            type: integer
            format: uint
            minimum: 0
        required[6]: open,ready,blocked,in_progress,deferred,closed
      CoordinationClaimRow:
        description: One in-progress issue plus its deterministic coordination assessment.
        type: object
        properties:
          issue:
            "$ref": #/$defs/CoordinationIssueRow
          agent.anyOf[2]:
            - "$ref": #/$defs/AgentMailAgentSnapshot
            - type: "null"
          assessment:
            "$ref": #/$defs/ClaimAssessment
          reclaim_allowed_by_policy.type: boolean
          required_human_confirmation.type: boolean
          evidence_summary.type: string
          suggested_commands:
            type: array
            items:
              "$ref": #/$defs/CoordinationSuggestedCommand
        required[6]: issue,assessment,reclaim_allowed_by_policy,required_human_confirmation,evidence_summary,suggested_commands
      CoordinationIssueRow:
        description: Issue context attached to one coordination claim row.
        type: object
        properties:
          id.type: string
          title.type: string
          status:
            "$ref": #/$defs/Status
          priority:
            "$ref": #/$defs/Priority
          issue_type:
            "$ref": #/$defs/IssueType
          labels:
            type: array
            items.type: string
          dependency_count:
            type: integer
            format: uint
            minimum: 0
          dependent_count:
            type: integer
            format: uint
            minimum: 0
          latest_comments:
            type: array
            items:
              "$ref": #/$defs/CoordinationComment
        required[9]: id,title,status,priority,issue_type,labels,dependency_count,dependent_count,latest_comments
      Status:
        description: Issue lifecycle status.
        anyOf[2]:
          - type: string
            enum[8]: open,in_progress,blocked,deferred,draft,closed,tombstone,pinned
          - type: string
      Priority:
        description: "Issue priority (0=Critical, 4=Backlog)."
        type: integer
        format: int32
      IssueType:
        description: Issue type category.
        anyOf[2]:
          - type: string
            enum[7]: task,bug,feature,epic,chore,docs,question
          - type: string
      CoordinationComment:
        description: Bounded comment excerpt included with a coordination claim row.
        type: object
        properties:
          author.type: string
          text.type: string
          created_at:
            type: string
            format: date-time
        required[3]: author,text,created_at
      AgentMailAgentSnapshot:
        description: Minimal offline agent-liveness snapshot row exported from Agent Mail.
        type: object
        properties:
          name.type: string
          task_description.type: string
          last_active_ts:
            type: string
            format: date-time
          contact_policy.type: string
        required[4]: name,task_description,last_active_ts,contact_policy
      ClaimAssessment:
        description: Deterministic assessment for one in-progress claim.
        type: object
        properties:
          assignee.type[2]: string,"null"
          owner_kind:
            "$ref": #/$defs/ClaimOwnerKind
          updated_at:
            type: string
            format: date-time
          updated_age_minutes:
            type: integer
            format: int64
          stale_threshold_minutes:
            type: integer
            format: int64
          abandoned_threshold_minutes:
            type: integer
            format: int64
          reservation:
            "$ref": #/$defs/ReservationEvidence
          classification:
            "$ref": #/$defs/ClaimClassification
          recommended_action:
            "$ref": #/$defs/RecommendedAction
          evidence_sources:
            type: array
            items:
              "$ref": #/$defs/CoordinationEvidenceSource
        required[9]: owner_kind,updated_at,updated_age_minutes,stale_threshold_minutes,abandoned_threshold_minutes,reservation,classification,recommended_action,evidence_sources
      ClaimOwnerKind:
        description: Who appears to own the current claim.
        oneOf[3]{description,type,const}:
          A named coding-agent swarm participant.,string,swarm_agent
          A human assignee or operator-owned claim.,string,human
          Ownership cannot be confidently classified.,string,unknown
      ReservationEvidence:
        description: Optional Agent Mail reservation evidence supplied by the caller.
        oneOf[5]:
          - description: "No Agent Mail snapshot was supplied, so absence of reservations is not\nevidence of abandonment."
            type: object
            properties.state:
              type: string
              const: no_snapshot
            required[1]: state
          - description: A snapshot was supplied and no matching reservation was found.
            type: object
            properties.state:
              type: string
              const: no_reservation
            required[1]: state
          - description: A matching active reservation exists.
            type: object
            properties:
              state:
                type: string
                const: active
              detail:
                type: object
                properties:
                  holder.type: string
                  expires_at:
                    type[2]: string,"null"
                    format: date-time
                  provenance.anyOf[2]:
                    - "$ref": #/$defs/ReservationEvidenceProvenance
                    - type: "null"
                required[1]: holder
            required[2]: state,detail
          - description: A matching reservation exists but is no longer active.
            type: object
            properties:
              state:
                type: string
                const: expired
              detail:
                type: object
                properties:
                  holder.type: string
                  released_at:
                    type[2]: string,"null"
                    format: date-time
                  provenance.anyOf[2]:
                    - "$ref": #/$defs/ReservationEvidenceProvenance
                    - type: "null"
                required[1]: holder
            required[2]: state,detail
          - description: Snapshot data was supplied but could not be trusted.
            type: object
            properties:
              state:
                type: string
                const: invalid_snapshot
              detail:
                type: object
                properties.reason.type: string
                required[1]: reason
            required[2]: state,detail
      ReservationEvidenceProvenance:
        description: Provenance copied from a matching reservation snapshot.
        type: object
        properties:
          path_pattern.type: string
          exclusive.type: boolean
          reason.type[2]: string,"null"
          expires_ts:
            type: string
            format: date-time
          released_ts:
            type[2]: string,"null"
            format: date-time
          thread_id.type[2]: string,"null"
          matched_on:
            type: array
            items:
              "$ref": #/$defs/ReservationSnapshotMatchReason
        required[4]: path_pattern,exclusive,expires_ts,matched_on
      ReservationSnapshotMatchReason:
        description: Why an Agent Mail reservation snapshot was associated with an issue.
        oneOf[3]{description,type,const}:
          Reservation holder matches the issue assignee.,string,holder_matches_assignee
          Reservation reason or thread id names the issue id.,string,issue_id
          A recent issue comment names the reservation path pattern.,string,comment_path
      ClaimClassification:
        description: Stable claim classifications used by coordination-aware surfaces.
        oneOf[7]{description,type,const}:
          The issue is in progress but has no meaningful assignee.,string,unassigned
          The claim is still within the owner-specific freshness window.,string,fresh
          "A live reservation exists, so the claim must not be treated as abandoned.",string,blocked_by_active_reservation
          "The claim has crossed the stale threshold and no active reservation was\nfound in a supplied snapshot.",string,stale_candidate
          The claim has crossed a more conservative abandoned threshold.,string,abandoned_likely
          "The claim is old enough to inspect, but no Agent Mail snapshot was\nsupplied.",string,no_mail_snapshot
          Evidence conflicts or cannot be trusted.,string,ambiguous
      RecommendedAction:
        description: Suggested next action for an operator or agent.
        oneOf[5]{description,type,const}:
          Do nothing except continue normal observation.,string,observe
          Ask the assignee or human operator before touching the claim.,string,ask_owner
          Inspect Agent Mail reservations or capture a fresh snapshot.,string,inspect_mail
          "The issue is a candidate for the documented audit-comment plus claim\nsequence. This is still advisory, not an automatic mutation.",string,reclaim_candidate
          Leave the claim alone because evidence says work may still be active.,string,leave_active
      CoordinationEvidenceSource:
        description: Evidence categories present in a claim assessment.
        oneOf[4]{description,type,const}:
          "Issue status, assignee, and updated timestamp.",string,issue_metadata
          Owner-specific stale and abandoned thresholds.,string,policy_threshold
          A caller-supplied Agent Mail snapshot.,string,agent_mail_snapshot
          Explicit absence of an Agent Mail snapshot.,string,no_agent_mail_snapshot
      CoordinationSuggestedCommand:
        description: A command suggestion emitted for an operator to review and run manually.
        type: object
        properties:
          purpose:
            "$ref": #/$defs/CoordinationSuggestedCommandPurpose
          command.type: string
        required[2]: purpose,command
      CoordinationSuggestedCommandPurpose:
        description: Role for a suggested coordination command.
        oneOf[2]{description,type,const}:
          Record the reclaim evidence before touching ownership.,string,add_reclaim_audit_comment
          Claim the issue after the audit comment is recorded.,string,claim_issue
  CountGroup:
    "$schema": "https://json-schema.org/draft/2020-12/schema"
    title: CountGroup
    description: "Row emitted inside `br count --by <field> --json` under `groups[]`.\n\nKeep this in sync with `cli::commands::count::CountGroup`."
    type: object
    properties:
      group:
        description: "Group label, for example a status, priority, type, assignee, or label."
        type: string
      count:
        description: Number of matching issues in this group.
        type: integer
        format: uint
        minimum: 0
    required[2]: group,count
  ErrorEnvelope:
    "$schema": "https://json-schema.org/draft/2020-12/schema"
    title: ErrorEnvelope
    type: object
    properties:
      error:
        "$ref": #/$defs/ErrorBody
    required[1]: error
    "$defs":
      ErrorBody:
        type: object
        properties:
          code:
            description: Machine-readable error code (SCREAMING_SNAKE_CASE)
            type: string
          message:
            description: Human-readable message
            type: string
          hint:
            description: Optional hint for remediation
            type[2]: string,"null"
          retryable:
            description: Whether the operation can be retried
            type: boolean
          context.description: Additional context for debugging (arbitrary JSON)
        required[3]: code,message,retryable
  Issue:
    "$schema": "https://json-schema.org/draft/2020-12/schema"
    title: Issue
    description: The primary issue entity.
    type: object
    properties:
      id:
        description: "Unique ID (e.g., \"bd-abc123\")."
        type: string
      title:
        description: Title (1-500 chars).
        type: string
      description:
        description: Detailed description.
        type[2]: string,"null"
      design:
        description: Technical design notes.
        type[2]: string,"null"
      acceptance_criteria:
        description: Acceptance criteria.
        type[2]: string,"null"
      notes:
        description: Additional notes.
        type[2]: string,"null"
      status:
        description: Workflow status.
        "$ref": #/$defs/Status
        default: open
      priority:
        description: "Priority (0=Critical, 4=Backlog)."
        "$ref": #/$defs/Priority
        default: 2
      issue_type:
        description: "Issue type (bug, feature, etc.)."
        "$ref": #/$defs/IssueType
        default: task
      assignee:
        description: Assigned user.
        type[2]: string,"null"
      owner:
        description: Issue owner.
        type[2]: string,"null"
      estimated_minutes:
        description: Estimated effort in minutes.
        type[2]: integer,"null"
        format: int32
      created_at:
        description: Creation timestamp.
        type: string
        format: date-time
      created_by:
        description: Creator username.
        type[2]: string,"null"
      updated_at:
        description: Last update timestamp.
        type: string
        format: date-time
      closed_at:
        description: Closure timestamp.
        type[2]: string,"null"
        format: date-time
      close_reason:
        description: Reason for closure.
        type[2]: string,"null"
      closed_by_session:
        description: Session ID that closed this issue.
        type[2]: string,"null"
      due_at:
        description: Due date.
        type[2]: string,"null"
        format: date-time
      defer_until:
        description: Defer until date.
        type[2]: string,"null"
        format: date-time
      external_ref:
        description: "External reference (e.g., JIRA-123)."
        type[2]: string,"null"
      source_system:
        description: Source system for imported issues.
        type[2]: string,"null"
      source_repo:
        description: "Source repository for multi-repo support — basename of the\ncanonicalized parent of `.beads/`. Stable across clones of the\nsame repo on different machines (different absolute paths\nproduce the same basename). See [`canonical_source_repo`] in\n`cli::commands::create`."
        type[2]: string,"null"
      source_repo_path:
        description: "Absolute canonical path of the source repository. Distinct from\n`source_repo`: this field uniquely identifies the workspace on\nthe machine that produced the issue, which is what multi-repo\nfleet automation needs to route beads back to the right\ndirectory (see beads_rust#289). Two clones of the same repo\nunder `~/Developer/foo` vs `~/Developer/scratch/foo` collide on\n`source_repo` but disagree here. Optional — older databases and\nhand-edited JSONL records without this field are valid."
        type[2]: string,"null"
      agent_context:
        description: "Canonical-JSON governing instructions inherited by descendant\nbeads (beads_rust#297). When set on an ancestor and the project\nhas `inherited_context.enabled = true` in `.beads/config.yaml`,\n`br update --status in_progress` / `--claim` and `br show` emit\nthe ancestor's `agent_context` alongside the child's normal\noutput so the working agent sees the constraints regardless of\ncontext compaction or cold-start lookups.\n\nStorage: TEXT column holding a JSON document (typically an\nobject with `skills`, `constraints`, `references`, `workflow`,\n`metadata` fields, but the schema is intentionally open).\n`None` means \"no inherited context\"; emission for descendants\nsilently skips ancestors with `None` (no error, no noise).\n\nNot displayed in `br list` / `br search` — this is per-bead\ngovernance metadata, not browsable content."
        type[2]: string,"null"
      deleted_at:
        type[2]: string,"null"
        format: date-time
      deleted_by.type[2]: string,"null"
      delete_reason.type[2]: string,"null"
      original_type.type[2]: string,"null"
      compaction_level:
        type[2]: integer,"null"
        format: int32
        default: 0
      compacted_at:
        type[2]: string,"null"
        format: date-time
      compacted_at_commit.type[2]: string,"null"
      original_size:
        type[2]: integer,"null"
        format: int32
      sender.type[2]: string,"null"
      ephemeral.type: boolean
      pinned.type: boolean
      is_template.type: boolean
      labels:
        type: array
        items.type: string
      dependencies:
        type: array
        items:
          "$ref": #/$defs/Dependency
      comments:
        type: array
        items:
          "$ref": #/$defs/Comment
    required[4]: id,title,created_at,updated_at
    "$defs":
      Status:
        description: Issue lifecycle status.
        anyOf[2]:
          - type: string
            enum[8]: open,in_progress,blocked,deferred,draft,closed,tombstone,pinned
          - type: string
      Priority:
        description: "Issue priority (0=Critical, 4=Backlog)."
        type: integer
        format: int32
      IssueType:
        description: Issue type category.
        anyOf[2]:
          - type: string
            enum[7]: task,bug,feature,epic,chore,docs,question
          - type: string
      Dependency:
        description: Relationship between two issues.
        type: object
        properties:
          issue_id:
            description: The issue that has the dependency (source).
            type: string
          depends_on_id:
            description: The issue being depended on (target).
            type: string
          type:
            description: Type of dependency.
            "$ref": #/$defs/DependencyType
          created_at:
            description: Creation timestamp.
            type: string
            format: date-time
          created_by:
            description: Creator.
            type[2]: string,"null"
          metadata:
            description: Optional metadata (JSON).
            type[2]: string,"null"
          thread_id:
            description: Thread ID for conversation linking.
            type[2]: string,"null"
        required[4]: issue_id,depends_on_id,type,created_at
      DependencyType:
        description: Dependency relationship type.
        anyOf[2]:
          - type: string
            enum[11]: blocks,parent-child,conditional-blocks,waits-for,related,discovered-from,replies-to,relates-to,duplicates,supersedes,caused-by
          - type: string
      Comment:
        description: A comment on an issue.
        type: object
        properties:
          id:
            type: integer
            format: int64
          issue_id.type: string
          author.type: string
          text.type: string
          created_at:
            type: string
            format: date-time
        required[5]: id,issue_id,author,text,created_at
  IssueDetails:
    "$schema": "https://json-schema.org/draft/2020-12/schema"
    title: IssueDetails
    description: Issue details with full relations for show view.
    type: object
    properties:
      id:
        description: "Unique ID (e.g., \"bd-abc123\")."
        type: string
      title:
        description: Title (1-500 chars).
        type: string
      description:
        description: Detailed description.
        type[2]: string,"null"
      design:
        description: Technical design notes.
        type[2]: string,"null"
      acceptance_criteria:
        description: Acceptance criteria.
        type[2]: string,"null"
      notes:
        description: Additional notes.
        type[2]: string,"null"
      status:
        description: Workflow status.
        "$ref": #/$defs/Status
        default: open
      priority:
        description: "Priority (0=Critical, 4=Backlog)."
        "$ref": #/$defs/Priority
        default: 2
      issue_type:
        description: "Issue type (bug, feature, etc.)."
        "$ref": #/$defs/IssueType
        default: task
      assignee:
        description: Assigned user.
        type[2]: string,"null"
      owner:
        description: Issue owner.
        type[2]: string,"null"
      estimated_minutes:
        description: Estimated effort in minutes.
        type[2]: integer,"null"
        format: int32
      created_at:
        description: Creation timestamp.
        type: string
        format: date-time
      created_by:
        description: Creator username.
        type[2]: string,"null"
      updated_at:
        description: Last update timestamp.
        type: string
        format: date-time
      closed_at:
        description: Closure timestamp.
        type[2]: string,"null"
        format: date-time
      close_reason:
        description: Reason for closure.
        type[2]: string,"null"
      closed_by_session:
        description: Session ID that closed this issue.
        type[2]: string,"null"
      due_at:
        description: Due date.
        type[2]: string,"null"
        format: date-time
      defer_until:
        description: Defer until date.
        type[2]: string,"null"
        format: date-time
      external_ref:
        description: "External reference (e.g., JIRA-123)."
        type[2]: string,"null"
      source_system:
        description: Source system for imported issues.
        type[2]: string,"null"
      source_repo:
        description: "Source repository for multi-repo support — basename of the\ncanonicalized parent of `.beads/`. Stable across clones of the\nsame repo on different machines (different absolute paths\nproduce the same basename). See [`canonical_source_repo`] in\n`cli::commands::create`."
        type[2]: string,"null"
      source_repo_path:
        description: "Absolute canonical path of the source repository. Distinct from\n`source_repo`: this field uniquely identifies the workspace on\nthe machine that produced the issue, which is what multi-repo\nfleet automation needs to route beads back to the right\ndirectory (see beads_rust#289). Two clones of the same repo\nunder `~/Developer/foo` vs `~/Developer/scratch/foo` collide on\n`source_repo` but disagree here. Optional — older databases and\nhand-edited JSONL records without this field are valid."
        type[2]: string,"null"
      agent_context:
        description: "Canonical-JSON governing instructions inherited by descendant\nbeads (beads_rust#297). When set on an ancestor and the project\nhas `inherited_context.enabled = true` in `.beads/config.yaml`,\n`br update --status in_progress` / `--claim` and `br show` emit\nthe ancestor's `agent_context` alongside the child's normal\noutput so the working agent sees the constraints regardless of\ncontext compaction or cold-start lookups.\n\nStorage: TEXT column holding a JSON document (typically an\nobject with `skills`, `constraints`, `references`, `workflow`,\n`metadata` fields, but the schema is intentionally open).\n`None` means \"no inherited context\"; emission for descendants\nsilently skips ancestors with `None` (no error, no noise).\n\nNot displayed in `br list` / `br search` — this is per-bead\ngovernance metadata, not browsable content."
        type[2]: string,"null"
      deleted_at:
        type[2]: string,"null"
        format: date-time
      deleted_by.type[2]: string,"null"
      delete_reason.type[2]: string,"null"
      original_type.type[2]: string,"null"
      compaction_level:
        type[2]: integer,"null"
        format: int32
        default: 0
      compacted_at:
        type[2]: string,"null"
        format: date-time
      compacted_at_commit.type[2]: string,"null"
      original_size:
        type[2]: integer,"null"
        format: int32
      sender.type[2]: string,"null"
      ephemeral.type: boolean
      pinned.type: boolean
      is_template.type: boolean
      labels:
        type: array
        items.type: string
      dependencies:
        type: array
        items:
          "$ref": #/$defs/IssueWithDependencyMetadata
      comments:
        type: array
        items:
          "$ref": #/$defs/Comment
      dependents:
        type: array
        items:
          "$ref": #/$defs/IssueWithDependencyMetadata
      events:
        type: array
        items:
          "$ref": #/$defs/Event
      parent.type[2]: string,"null"
    required[4]: id,title,created_at,updated_at
    "$defs":
      Status:
        description: Issue lifecycle status.
        anyOf[2]:
          - type: string
            enum[8]: open,in_progress,blocked,deferred,draft,closed,tombstone,pinned
          - type: string
      Priority:
        description: "Issue priority (0=Critical, 4=Backlog)."
        type: integer
        format: int32
      IssueType:
        description: Issue type category.
        anyOf[2]:
          - type: string
            enum[7]: task,bug,feature,epic,chore,docs,question
          - type: string
      Dependency:
        description: Relationship between two issues.
        type: object
        properties:
          issue_id:
            description: The issue that has the dependency (source).
            type: string
          depends_on_id:
            description: The issue being depended on (target).
            type: string
          type:
            description: Type of dependency.
            "$ref": #/$defs/DependencyType
          created_at:
            description: Creation timestamp.
            type: string
            format: date-time
          created_by:
            description: Creator.
            type[2]: string,"null"
          metadata:
            description: Optional metadata (JSON).
            type[2]: string,"null"
          thread_id:
            description: Thread ID for conversation linking.
            type[2]: string,"null"
        required[4]: issue_id,depends_on_id,type,created_at
      DependencyType:
        description: Dependency relationship type.
        anyOf[2]:
          - type: string
            enum[11]: blocks,parent-child,conditional-blocks,waits-for,related,discovered-from,replies-to,relates-to,duplicates,supersedes,caused-by
          - type: string
      Comment:
        description: A comment on an issue.
        type: object
        properties:
          id:
            type: integer
            format: int64
          issue_id.type: string
          author.type: string
          text.type: string
          created_at:
            type: string
            format: date-time
        required[5]: id,issue_id,author,text,created_at
      IssueWithDependencyMetadata:
        type: object
        properties:
          id.type: string
          title.type: string
          status:
            "$ref": #/$defs/Status
          priority:
            "$ref": #/$defs/Priority
          dependency_type.type: string
        required[5]: id,title,status,priority,dependency_type
      Event:
        description: An event in the issue's history (audit log).
        type: object
        properties:
          id:
            type: integer
            format: int64
          issue_id.type: string
          event_type:
            "$ref": #/$defs/EventType
          actor.type: string
          old_value.type[2]: string,"null"
          new_value.type[2]: string,"null"
          comment.type[2]: string,"null"
          created_at:
            type: string
            format: date-time
        required[5]: id,issue_id,event_type,actor,created_at
      EventType.type: string
  IssueWithCounts:
    "$schema": "https://json-schema.org/draft/2020-12/schema"
    title: IssueWithCounts
    description: Issue with counts for list/search views.
    type: object
    properties:
      id:
        description: "Unique ID (e.g., \"bd-abc123\")."
        type: string
      title:
        description: Title (1-500 chars).
        type: string
      description:
        description: Detailed description.
        type[2]: string,"null"
      design:
        description: Technical design notes.
        type[2]: string,"null"
      acceptance_criteria:
        description: Acceptance criteria.
        type[2]: string,"null"
      notes:
        description: Additional notes.
        type[2]: string,"null"
      status:
        description: Workflow status.
        "$ref": #/$defs/Status
        default: open
      priority:
        description: "Priority (0=Critical, 4=Backlog)."
        "$ref": #/$defs/Priority
        default: 2
      issue_type:
        description: "Issue type (bug, feature, etc.)."
        "$ref": #/$defs/IssueType
        default: task
      assignee:
        description: Assigned user.
        type[2]: string,"null"
      owner:
        description: Issue owner.
        type[2]: string,"null"
      estimated_minutes:
        description: Estimated effort in minutes.
        type[2]: integer,"null"
        format: int32
      created_at:
        description: Creation timestamp.
        type: string
        format: date-time
      created_by:
        description: Creator username.
        type[2]: string,"null"
      updated_at:
        description: Last update timestamp.
        type: string
        format: date-time
      closed_at:
        description: Closure timestamp.
        type[2]: string,"null"
        format: date-time
      close_reason:
        description: Reason for closure.
        type[2]: string,"null"
      closed_by_session:
        description: Session ID that closed this issue.
        type[2]: string,"null"
      due_at:
        description: Due date.
        type[2]: string,"null"
        format: date-time
      defer_until:
        description: Defer until date.
        type[2]: string,"null"
        format: date-time
      external_ref:
        description: "External reference (e.g., JIRA-123)."
        type[2]: string,"null"
      source_system:
        description: Source system for imported issues.
        type[2]: string,"null"
      source_repo:
        description: "Source repository for multi-repo support — basename of the\ncanonicalized parent of `.beads/`. Stable across clones of the\nsame repo on different machines (different absolute paths\nproduce the same basename). See [`canonical_source_repo`] in\n`cli::commands::create`."
        type[2]: string,"null"
      source_repo_path:
        description: "Absolute canonical path of the source repository. Distinct from\n`source_repo`: this field uniquely identifies the workspace on\nthe machine that produced the issue, which is what multi-repo\nfleet automation needs to route beads back to the right\ndirectory (see beads_rust#289). Two clones of the same repo\nunder `~/Developer/foo` vs `~/Developer/scratch/foo` collide on\n`source_repo` but disagree here. Optional — older databases and\nhand-edited JSONL records without this field are valid."
        type[2]: string,"null"
      agent_context:
        description: "Canonical-JSON governing instructions inherited by descendant\nbeads (beads_rust#297). When set on an ancestor and the project\nhas `inherited_context.enabled = true` in `.beads/config.yaml`,\n`br update --status in_progress` / `--claim` and `br show` emit\nthe ancestor's `agent_context` alongside the child's normal\noutput so the working agent sees the constraints regardless of\ncontext compaction or cold-start lookups.\n\nStorage: TEXT column holding a JSON document (typically an\nobject with `skills`, `constraints`, `references`, `workflow`,\n`metadata` fields, but the schema is intentionally open).\n`None` means \"no inherited context\"; emission for descendants\nsilently skips ancestors with `None` (no error, no noise).\n\nNot displayed in `br list` / `br search` — this is per-bead\ngovernance metadata, not browsable content."
        type[2]: string,"null"
      deleted_at:
        type[2]: string,"null"
        format: date-time
      deleted_by.type[2]: string,"null"
      delete_reason.type[2]: string,"null"
      original_type.type[2]: string,"null"
      compaction_level:
        type[2]: integer,"null"
        format: int32
        default: 0
      compacted_at:
        type[2]: string,"null"
        format: date-time
      compacted_at_commit.type[2]: string,"null"
      original_size:
        type[2]: integer,"null"
        format: int32
      sender.type[2]: string,"null"
      ephemeral.type: boolean
      pinned.type: boolean
      is_template.type: boolean
      labels:
        type: array
        items.type: string
      dependencies:
        type: array
        items:
          "$ref": #/$defs/Dependency
      comments:
        type: array
        items:
          "$ref": #/$defs/Comment
      dependency_count:
        type: integer
        format: uint
        minimum: 0
      dependent_count:
        type: integer
        format: uint
        minimum: 0
    required[6]: id,title,created_at,updated_at,dependency_count,dependent_count
    "$defs":
      Status:
        description: Issue lifecycle status.
        anyOf[2]:
          - type: string
            enum[8]: open,in_progress,blocked,deferred,draft,closed,tombstone,pinned
          - type: string
      Priority:
        description: "Issue priority (0=Critical, 4=Backlog)."
        type: integer
        format: int32
      IssueType:
        description: Issue type category.
        anyOf[2]:
          - type: string
            enum[7]: task,bug,feature,epic,chore,docs,question
          - type: string
      Dependency:
        description: Relationship between two issues.
        type: object
        properties:
          issue_id:
            description: The issue that has the dependency (source).
            type: string
          depends_on_id:
            description: The issue being depended on (target).
            type: string
          type:
            description: Type of dependency.
            "$ref": #/$defs/DependencyType
          created_at:
            description: Creation timestamp.
            type: string
            format: date-time
          created_by:
            description: Creator.
            type[2]: string,"null"
          metadata:
            description: Optional metadata (JSON).
            type[2]: string,"null"
          thread_id:
            description: Thread ID for conversation linking.
            type[2]: string,"null"
        required[4]: issue_id,depends_on_id,type,created_at
      DependencyType:
        description: Dependency relationship type.
        anyOf[2]:
          - type: string
            enum[11]: blocks,parent-child,conditional-blocks,waits-for,related,discovered-from,replies-to,relates-to,duplicates,supersedes,caused-by
          - type: string
      Comment:
        description: A comment on an issue.
        type: object
        properties:
          id:
            type: integer
            format: int64
          issue_id.type: string
          author.type: string
          text.type: string
          created_at:
            type: string
            format: date-time
        required[5]: id,issue_id,author,text,created_at
  ReadyIssue:
    "$schema": "https://json-schema.org/draft/2020-12/schema"
    title: ReadyIssue
    description: "Minimal issue output for ready command (bd parity).\n\nContains only the fields that bd's ready command outputs.\nDoes NOT include: `compaction_level`, `original_size`, `dependency_count`, `dependent_count`"
    type: object
    properties:
      acceptance_criteria.type[2]: string,"null"
      assignee.type[2]: string,"null"
      created_at:
        type: string
        format: date-time
      created_by.type[2]: string,"null"
      description.type[2]: string,"null"
      estimated_minutes:
        type[2]: integer,"null"
        format: int32
      id.type: string
      issue_type:
        "$ref": #/$defs/IssueType
      labels:
        description: "Labels attached to the issue.\n\nAlways emitted (as `[]` when empty) so downstream consumers can filter\n`br ready --json` output on labels the same way they filter\n`br list --json` (#309)."
        type: array
        items.type: string
      notes.type[2]: string,"null"
      owner.type[2]: string,"null"
      priority:
        "$ref": #/$defs/Priority
      status:
        "$ref": #/$defs/Status
      title.type: string
      updated_at:
        type: string
        format: date-time
    required[8]: created_at,id,issue_type,labels,priority,status,title,updated_at
    "$defs":
      IssueType:
        description: Issue type category.
        anyOf[2]:
          - type: string
            enum[7]: task,bug,feature,epic,chore,docs,question
          - type: string
      Priority:
        description: "Issue priority (0=Critical, 4=Backlog)."
        type: integer
        format: int32
      Status:
        description: Issue lifecycle status.
        anyOf[2]:
          - type: string
            enum[8]: open,in_progress,blocked,deferred,draft,closed,tombstone,pinned
          - type: string
  StaleIssue:
    "$schema": "https://json-schema.org/draft/2020-12/schema"
    title: StaleIssue
    description: "Minimal issue output for stale command (bd parity).\nContains only the fields that bd's stale command outputs."
    type: object
    properties:
      created_at:
        type: string
        format: date-time
      id.type: string
      issue_type:
        "$ref": #/$defs/IssueType
      priority:
        "$ref": #/$defs/Priority
      status:
        "$ref": #/$defs/Status
      title.type: string
      updated_at:
        type: string
        format: date-time
      assignee.type[2]: string,"null"
    required[7]: created_at,id,issue_type,priority,status,title,updated_at
    "$defs":
      IssueType:
        description: Issue type category.
        anyOf[2]:
          - type: string
            enum[7]: task,bug,feature,epic,chore,docs,question
          - type: string
      Priority:
        description: "Issue priority (0=Critical, 4=Backlog)."
        type: integer
        format: int32
      Status:
        description: Issue lifecycle status.
        anyOf[2]:
          - type: string
            enum[8]: open,in_progress,blocked,deferred,draft,closed,tombstone,pinned
          - type: string
  Statistics:
    "$schema": "https://json-schema.org/draft/2020-12/schema"
    title: Statistics
    description: Aggregate statistics output.
    type: object
    properties:
      summary:
        "$ref": #/$defs/StatsSummary
      breakdowns:
        type: array
        items:
          "$ref": #/$defs/Breakdown
      recent_activity.anyOf[2]:
        - "$ref": #/$defs/RecentActivity
        - type: "null"
    required[2]: summary,breakdowns
    "$defs":
      StatsSummary:
        description: Summary statistics for the project.
        type: object
        properties:
          total_issues:
            type: integer
            format: uint
            minimum: 0
          open_issues:
            type: integer
            format: uint
            minimum: 0
          in_progress_issues:
            type: integer
            format: uint
            minimum: 0
          closed_issues:
            type: integer
            format: uint
            minimum: 0
          blocked_issues:
            type: integer
            format: uint
            minimum: 0
          deferred_issues:
            type: integer
            format: uint
            minimum: 0
          draft_issues:
            type: integer
            format: uint
            minimum: 0
          ready_issues:
            type: integer
            format: uint
            minimum: 0
          tombstone_issues:
            type: integer
            format: uint
            minimum: 0
          pinned_issues:
            type: integer
            format: uint
            minimum: 0
          epics_eligible_for_closure:
            type: integer
            format: uint
            minimum: 0
          average_lead_time_hours:
            type[2]: number,"null"
            format: double
        required[11]: total_issues,open_issues,in_progress_issues,closed_issues,blocked_issues,deferred_issues,draft_issues,ready_issues,tombstone_issues,pinned_issues,epics_eligible_for_closure
      Breakdown:
        description: Breakdown statistics by a dimension.
        type: object
        properties:
          dimension.type: string
          counts:
            type: array
            items:
              "$ref": #/$defs/BreakdownEntry
        required[2]: dimension,counts
      BreakdownEntry:
        description: A single entry in a breakdown.
        type: object
        properties:
          key.type: string
          count:
            type: integer
            format: uint
            minimum: 0
        required[2]: key,count
      RecentActivity:
        description: Recent activity statistics from git history.
        type: object
        properties:
          hours_tracked:
            type: integer
            format: uint32
            minimum: 0
          commit_count:
            type: integer
            format: uint
            minimum: 0
          issues_created:
            type: integer
            format: uint
            minimum: 0
          issues_closed:
            type: integer
            format: uint
            minimum: 0
          issues_updated:
            type: integer
            format: uint
            minimum: 0
          issues_reopened:
            type: integer
            format: uint
            minimum: 0
          total_changes:
            type: integer
            format: uint
            minimum: 0
        required[7]: hours_tracked,commit_count,issues_created,issues_closed,issues_updated,issues_reopened,total_changes
  TreeNode:
    "$schema": "https://json-schema.org/draft/2020-12/schema"
    title: TreeNode
    description: "Row emitted by `br dep tree --json`.\n\nKeep this in sync with `cli::commands::dep::TreeNode`. The command emits a\ncompact traversal node, not the older `format::output::TreeNode` shape that\nflattened a full `Issue`."
    type: object
    properties:
      id:
        description: "Stable issue ID, external dependency ID, or missing-issue placeholder ID."
        type: string
      title:
        description: Human-readable title used in text/tree output.
        type: string
      depth:
        description: Depth from the requested root issue. The root is depth 0.
        type: integer
        format: uint
        minimum: 0
      parent_id:
        description: "Parent node issue ID, or null for the root."
        type[2]: string,"null"
      priority:
        description: Numeric issue priority used for sibling sorting.
        type: integer
        format: int32
      status:
        description: "Issue status string, or synthesized status for external/missing nodes."
        type: string
      truncated:
        description: True when the node has children omitted by `--max-depth`.
        type: boolean
    required[6]: id,title,depth,priority,status,truncated
commands:
  blocked:
    shape: array
    jq_filter: ".[]"
    items_at: .
    item_schema: BlockedIssue
    error_envelope_on_stderr: false
  capabilities:
    shape: object
    jq_filter: .
    error_envelope_on_stderr: false
    notes: "Machine-readable command, feature, safety, exit-code, and env-var inventory."
  "comments list":
    shape: array
    jq_filter: ".[]"
    items_at: .
    error_envelope_on_stderr: true
    notes: Empty array if no comments. ErrorEnvelope on stderr if the issue id cannot be resolved.
  "coordination status":
    shape: object
    jq_filter: ".claims[]"
    items_at: .claims
    item_schema: CoordinationClaimRow
    error_envelope_on_stderr: false
    notes: "Read-only object with workspace summary and `claims[]` rows. The full envelope schema is `CoordinationStatusOutput`."
  count:
    shape: object
    jq_filter: .count
    error_envelope_on_stderr: false
    notes: Ungrouped `br count --json`; scalar count under `.count`. Grouped variants use the `count --by` entry.
  "count --by":
    shape: object
    jq_filter: ".groups[]"
    items_at: .groups
    item_schema: CountGroup
    error_envelope_on_stderr: false
    notes: For `br count --by <status|priority|type|assignee|label> --json`. The wrapper object also includes `total`.
  "dep list":
    shape: array
    jq_filter: ".[]"
    items_at: .
    error_envelope_on_stderr: true
  "dep tree":
    shape: array
    jq_filter: ".[]"
    items_at: .
    item_schema: TreeNode
    error_envelope_on_stderr: true
    notes: Pre-order traversal; each node carries a `depth` field.
  info:
    shape: object
    jq_filter: .
    error_envelope_on_stderr: false
    notes: "Workspace info object (paths, mode, config snapshot)."
  "label list":
    shape: array
    jq_filter: ".[]"
    items_at: .
    error_envelope_on_stderr: false
  list:
    shape: object
    jq_filter: ".issues[]"
    items_at: .issues
    item_schema: IssueWithCounts
    error_envelope_on_stderr: false
    notes: "Wrapper object with pagination metadata; iterate with `.issues[]`. The wrapper exists so totals/cursors can ride alongside the rows."
  ready:
    shape: array
    jq_filter: ".[]"
    items_at: .
    item_schema: ReadyIssue
    error_envelope_on_stderr: false
  "robot-docs guide":
    shape: object
    jq_filter: .
    error_envelope_on_stderr: false
    notes: JSON/TOON modes wrap the concise agent guide; text mode prints the guide directly.
  search:
    shape: array
    jq_filter: ".[]"
    items_at: .
    item_schema: IssueWithCounts
    error_envelope_on_stderr: false
  show:
    shape: array
    jq_filter: ".[0]"
    items_at: .
    item_schema: IssueDetails
    error_envelope_on_stderr: true
    notes: "Always a single-element array on success (wrapped for shape consistency with list-style commands). On a missing id, an ErrorEnvelope is written to stderr and exit code is non-zero."
  stale:
    shape: array
    jq_filter: ".[]"
    items_at: .
    item_schema: StaleIssue
    error_envelope_on_stderr: false
  stats:
    shape: object
    jq_filter: .
    item_schema: Statistics
    error_envelope_on_stderr: false
    notes: Single aggregate object.
  status:
    shape: object
    jq_filter: .
    item_schema: Statistics
    error_envelope_on_stderr: false
    notes: Alias for `stats` — identical envelope.
